// Vitest Snapshot v1, https://vitest.dev/guide/snapshot.html

exports[`GET /api/contributors/[login] > returns a contribution ledger for a user (mocked) > contributors-bylogin-response 1`] = `
{
  "items": [
    {
      "date": "2025-07-03T00:00:00Z",
      "link": "https://github.com/acme-co/widget/pull/123#review-1",
      "repo": "acme-co/widget",
      "repoUrl": "https://github.com/acme-co/widget",
      "type": "REVIEW",
    },
    {
      "date": "2025-07-02T00:00:00Z",
      "link": "https://github.com/acme-co/widget/commit/abc",
      "repo": "acme-co/widget",
      "repoUrl": "https://github.com/acme-co/widget",
      "type": "COMMIT",
    },
    {
      "date": "2025-07-01T00:00:00Z",
      "link": "https://github.com/acme-co/widget/pull/123",
      "repo": "acme-co/widget",
      "repoUrl": "https://github.com/acme-co/widget",
      "type": "PR",
    },
  ],
  "login": "user-mock-123",
  "total": 3,
}
`;
