// Vitest Snapshot v1, https://vitest.dev/guide/snapshot.html

exports[`GET /api/contributors > returns external contributors with latest activity (mocked) > contributors-list-meta 1`] = `
{
  "commitCount": 2,
  "durationMs": 1,
  "errors": [],
  "orgs": [
    "org-mock-c",
    "org-mock-d",
  ],
  "prCount": 0,
  "repos": 0,
  "reviewCount": 0,
  "since": "2025-02-01T00:00:00.000Z",
  "until": "2025-08-12T00:00:00.000Z",
}
`;

exports[`GET /api/contributors > returns external contributors with latest activity (mocked) > contributors-list-sample 1`] = `
[
  {
    "contributionCount": 1,
    "internalFilter": "public-membership-only",
    "latest": {
      "date": "2025-07-02T00:00:00Z",
      "link": "https://github.com/contoso/server/commit/abc",
      "repo": "contoso/server",
      "type": "COMMIT",
    },
    "login": "author-mock",
    "profileUrl": "https://github.com/author-mock",
  },
]
`;
